=== ShellTabs logging started for C:\Windows\system32\regsvr32.exe ===
[2025-11-27T21:07:17.823Z][pid 19792][tid 7932] INFO DllMain PROCESS_ATTACH for C:\Windows\system32\regsvr32.exe
[2025-11-27T21:07:17.980Z][pid 19792][tid 7932] INFO CompositionIntercept: hooks initialized
[2025-11-27T21:07:18.454Z][pid 19792][tid 7932] INFO ThemeHooks: installed theme detours (including line drawing hooks)
[2025-11-27T21:07:18.454Z][pid 19792][tid 7932] INFO Custom ribbon tab disabled pending regression fix
[2025-11-27T21:07:18.454Z][pid 19792][tid 7932] INFO InitCommonControlsEx succeeded
[2025-11-27T21:07:18.454Z][pid 19792][tid 7932] INFO DllUnregisterServer - begin
[2025-11-27T21:07:18.454Z][pid 19792][tid 7932] INFO DllUnregisterServer invoked
[2025-11-27T21:07:18.454Z][pid 19792][tid 7932] INFO GetModulePath succeeded
[2025-11-27T21:07:18.454Z][pid 19792][tid 7932] INFO DllUnregisterServer module path: F:\development\steam\emulator_bot\shelltabs\build\bin\Release\ShellTabs.dll
[2025-11-27T21:07:18.456Z][pid 19792][tid 7932] INFO DeleteRegistryKey (band CLSID) succeeded
[2025-11-27T21:07:18.456Z][pid 19792][tid 7932] INFO UnregisterProgIds (band) succeeded
[2025-11-27T21:07:18.456Z][pid 19792][tid 7932] INFO UnregisterDeskBandKey succeeded
[2025-11-27T21:07:18.457Z][pid 19792][tid 7932] INFO UnregisterExplorerBar succeeded
[2025-11-27T21:07:18.457Z][pid 19792][tid 7932] INFO UnregisterApprovedExtension (band) succeeded
[2025-11-27T21:07:18.458Z][pid 19792][tid 7932] INFO UnregisterToolbarValue succeeded
[2025-11-27T21:07:18.459Z][pid 19792][tid 7932] INFO ClearExplorerBandCache succeeded
[2025-11-27T21:07:18.460Z][pid 19792][tid 7932] INFO DeleteRegistryKey (BHO CLSID) succeeded
[2025-11-27T21:07:18.461Z][pid 19792][tid 7932] INFO UnregisterProgIds (BHO) succeeded
[2025-11-27T21:07:18.461Z][pid 19792][tid 7932] INFO UnregisterApprovedExtension (BHO) succeeded
[2025-11-27T21:07:18.461Z][pid 19792][tid 7932] INFO UnregisterBrowserHelper succeeded
[2025-11-27T21:07:18.462Z][pid 19792][tid 7932] INFO DeleteRegistryKey (open folder command CLSID) succeeded
[2025-11-27T21:07:18.462Z][pid 19792][tid 7932] INFO UnregisterOpenFolderCommand succeeded
[2025-11-27T21:07:18.463Z][pid 19792][tid 7932] INFO DeleteRegistryKey (FTP folder CLSID) succeeded
[2025-11-27T21:07:18.463Z][pid 19792][tid 7932] INFO UnregisterApprovedExtension (FTP folder) succeeded
[2025-11-27T21:07:18.464Z][pid 19792][tid 7932] INFO UnregisterNamespaceNode (FTP) succeeded
[2025-11-27T21:07:18.465Z][pid 19792][tid 7932] INFO UnregisterAppId succeeded
[2025-11-27T21:07:18.465Z][pid 19792][tid 7932] INFO DllUnregisterServer completed successfully
[2025-11-27T21:07:18.466Z][pid 19792][tid 7932] INFO DllUnregisterServer - end
[2025-11-27T21:07:18.849Z][pid 19792][tid 7932] INFO DllMain PROCESS_DETACH for C:\Windows\system32\regsvr32.exe
[2025-11-27T21:07:19.483Z][pid 19792][tid 7932] WARN ThemeHooks: MH_DisableHook failed for SelectObject (status=2)
[2025-11-27T21:07:19.483Z][pid 19792][tid 7932] WARN ThemeHooks: MH_DisableHook failed for ExtCreatePen (status=2)
[2025-11-27T21:07:19.483Z][pid 19792][tid 7932] WARN ThemeHooks: MH_DisableHook failed for CreatePenIndirect (status=2)
[2025-11-27T21:07:19.483Z][pid 19792][tid 7932] WARN ThemeHooks: MH_DisableHook failed for CreatePen (status=2)
[2025-11-27T21:07:19.483Z][pid 19792][tid 7932] WARN ThemeHooks: MH_DisableHook failed for MoveToEx (status=2)
[2025-11-27T21:07:19.483Z][pid 19792][tid 7932] WARN ThemeHooks: MH_DisableHook failed for PolylineTo (status=2)
[2025-11-27T21:07:19.483Z][pid 19792][tid 7932] WARN ThemeHooks: MH_DisableHook failed for Polyline (status=2)
[2025-11-27T21:07:19.483Z][pid 19792][tid 7932] WARN ThemeHooks: MH_DisableHook failed for LineTo (status=2)
[2025-11-27T21:07:19.483Z][pid 19792][tid 7932] WARN ThemeHooks: MH_DisableHook failed for CreateWindowExW (status=2)
[2025-11-27T21:07:19.483Z][pid 19792][tid 7932] WARN ThemeHooks: MH_DisableHook failed for TrackPopupMenuEx (status=2)
[2025-11-27T21:07:19.483Z][pid 19792][tid 7932] WARN ThemeHooks: MH_DisableHook failed for TrackPopupMenu (status=2)
[2025-11-27T21:07:19.483Z][pid 19792][tid 7932] WARN ThemeHooks: MH_DisableHook failed for SetBkColor (status=2)
[2025-11-27T21:07:19.483Z][pid 19792][tid 7932] WARN ThemeHooks: MH_DisableHook failed for SetTextColor (status=2)
[2025-11-27T21:07:19.483Z][pid 19792][tid 7932] WARN ThemeHooks: MH_DisableHook failed for ExtTextOutW (status=2)
[2025-11-27T21:07:19.483Z][pid 19792][tid 7932] WARN ThemeHooks: MH_DisableHook failed for GdiGradientFill (status=2)
[2025-11-27T21:07:19.483Z][pid 19792][tid 7932] WARN ThemeHooks: MH_DisableHook failed for FillRect (status=2)
[2025-11-27T21:07:19.483Z][pid 19792][tid 7932] WARN ThemeHooks: MH_DisableHook failed for DrawThemeEdge (status=2)
[2025-11-27T21:07:19.483Z][pid 19792][tid 7932] WARN ThemeHooks: MH_DisableHook failed for DrawThemeBackground (status=2)
[2025-11-27T21:07:19.483Z][pid 19792][tid 7932] INFO ThemeHooks: detached theme detours (including line drawing hooks)
[2025-11-27T21:07:19.483Z][pid 19792][tid 7932] INFO Logging shutting down
