=== ShellTabs logging started for C:\Windows\system32\regsvr32.exe ===
[2025-11-27T23:02:49.529Z][pid 18144][tid 19712] INFO DllMain PROCESS_ATTACH for C:\Windows\system32\regsvr32.exe
[2025-11-27T23:02:49.801Z][pid 18144][tid 19712] INFO CompositionIntercept: hooks initialized
[2025-11-27T23:02:50.583Z][pid 18144][tid 19712] INFO ThemeHooks: installed theme detours (including line drawing hooks)
[2025-11-27T23:02:50.583Z][pid 18144][tid 19712] INFO Custom ribbon tab disabled pending regression fix
[2025-11-27T23:02:50.583Z][pid 18144][tid 19712] INFO InitCommonControlsEx succeeded
[2025-11-27T23:02:50.678Z][pid 18144][tid 19712] INFO DllUnregisterServer - begin
[2025-11-27T23:02:50.678Z][pid 18144][tid 19712] INFO DllUnregisterServer invoked
[2025-11-27T23:02:50.678Z][pid 18144][tid 19712] INFO GetModulePath succeeded
[2025-11-27T23:02:50.678Z][pid 18144][tid 19712] INFO DllUnregisterServer module path: F:\development\steam\emulator_bot\shelltabs\build\bin\Release\ShellTabs.dll
[2025-11-27T23:02:50.680Z][pid 18144][tid 19712] INFO DeleteRegistryKey (band CLSID) succeeded
[2025-11-27T23:02:50.681Z][pid 18144][tid 19712] INFO UnregisterProgIds (band) succeeded
[2025-11-27T23:02:50.682Z][pid 18144][tid 19712] INFO UnregisterDeskBandKey succeeded
[2025-11-27T23:02:50.682Z][pid 18144][tid 19712] INFO UnregisterExplorerBar succeeded
[2025-11-27T23:02:50.683Z][pid 18144][tid 19712] INFO UnregisterApprovedExtension (band) succeeded
[2025-11-27T23:02:50.683Z][pid 18144][tid 19712] INFO UnregisterToolbarValue succeeded
[2025-11-27T23:02:50.685Z][pid 18144][tid 19712] INFO ClearExplorerBandCache succeeded
[2025-11-27T23:02:50.691Z][pid 18144][tid 19712] INFO DeleteRegistryKey (BHO CLSID) succeeded
[2025-11-27T23:02:50.692Z][pid 18144][tid 19712] INFO UnregisterProgIds (BHO) succeeded
[2025-11-27T23:02:50.692Z][pid 18144][tid 19712] INFO UnregisterApprovedExtension (BHO) succeeded
[2025-11-27T23:02:50.692Z][pid 18144][tid 19712] INFO UnregisterBrowserHelper succeeded
[2025-11-27T23:02:50.693Z][pid 18144][tid 19712] INFO DeleteRegistryKey (open folder command CLSID) succeeded
[2025-11-27T23:02:50.694Z][pid 18144][tid 19712] INFO UnregisterOpenFolderCommand succeeded
[2025-11-27T23:02:50.696Z][pid 18144][tid 19712] INFO DeleteRegistryKey (FTP folder CLSID) succeeded
[2025-11-27T23:02:50.696Z][pid 18144][tid 19712] INFO UnregisterApprovedExtension (FTP folder) succeeded
[2025-11-27T23:02:50.697Z][pid 18144][tid 19712] INFO UnregisterNamespaceNode (FTP) succeeded
[2025-11-27T23:02:50.698Z][pid 18144][tid 19712] INFO UnregisterAppId succeeded
[2025-11-27T23:02:50.698Z][pid 18144][tid 19712] INFO DllUnregisterServer completed successfully
[2025-11-27T23:02:50.698Z][pid 18144][tid 19712] INFO DllUnregisterServer - end
[2025-11-27T23:02:51.509Z][pid 18144][tid 19712] INFO DllMain PROCESS_DETACH for C:\Windows\system32\regsvr32.exe
[2025-11-27T23:02:52.161Z][pid 18144][tid 19712] WARN ThemeHooks: MH_DisableHook failed for SelectObject (status=2)
[2025-11-27T23:02:52.161Z][pid 18144][tid 19712] WARN ThemeHooks: MH_DisableHook failed for ExtCreatePen (status=2)
[2025-11-27T23:02:52.161Z][pid 18144][tid 19712] WARN ThemeHooks: MH_DisableHook failed for CreatePenIndirect (status=2)
[2025-11-27T23:02:52.161Z][pid 18144][tid 19712] WARN ThemeHooks: MH_DisableHook failed for CreatePen (status=2)
[2025-11-27T23:02:52.161Z][pid 18144][tid 19712] WARN ThemeHooks: MH_DisableHook failed for MoveToEx (status=2)
[2025-11-27T23:02:52.161Z][pid 18144][tid 19712] WARN ThemeHooks: MH_DisableHook failed for PolylineTo (status=2)
[2025-11-27T23:02:52.161Z][pid 18144][tid 19712] WARN ThemeHooks: MH_DisableHook failed for Polyline (status=2)
[2025-11-27T23:02:52.161Z][pid 18144][tid 19712] WARN ThemeHooks: MH_DisableHook failed for LineTo (status=2)
[2025-11-27T23:02:52.161Z][pid 18144][tid 19712] WARN ThemeHooks: MH_DisableHook failed for CreateWindowExW (status=2)
[2025-11-27T23:02:52.161Z][pid 18144][tid 19712] WARN ThemeHooks: MH_DisableHook failed for TrackPopupMenuEx (status=2)
[2025-11-27T23:02:52.161Z][pid 18144][tid 19712] WARN ThemeHooks: MH_DisableHook failed for TrackPopupMenu (status=2)
[2025-11-27T23:02:52.161Z][pid 18144][tid 19712] WARN ThemeHooks: MH_DisableHook failed for SetBkColor (status=2)
[2025-11-27T23:02:52.161Z][pid 18144][tid 19712] WARN ThemeHooks: MH_DisableHook failed for SetTextColor (status=2)
[2025-11-27T23:02:52.161Z][pid 18144][tid 19712] WARN ThemeHooks: MH_DisableHook failed for ExtTextOutW (status=2)
[2025-11-27T23:02:52.161Z][pid 18144][tid 19712] WARN ThemeHooks: MH_DisableHook failed for GdiGradientFill (status=2)
[2025-11-27T23:02:52.161Z][pid 18144][tid 19712] WARN ThemeHooks: MH_DisableHook failed for FillRect (status=2)
[2025-11-27T23:02:52.161Z][pid 18144][tid 19712] WARN ThemeHooks: MH_DisableHook failed for DrawThemeEdge (status=2)
[2025-11-27T23:02:52.161Z][pid 18144][tid 19712] WARN ThemeHooks: MH_DisableHook failed for DrawThemeBackground (status=2)
[2025-11-27T23:02:52.161Z][pid 18144][tid 19712] INFO ThemeHooks: detached theme detours (including line drawing hooks)
[2025-11-27T23:02:52.161Z][pid 18144][tid 19712] INFO Logging shutting down
